#
# There is insufficient memory for the Java Runtime Environment to continue.
# Native memory allocation (mmap) failed to map 266338304 bytes for G1 virtual space
# Possible reasons:
#   The system is out of physical RAM or swap space
#   The process is running with CompressedOops enabled, and the Java Heap may be blocking the growth of the native heap
# Possible solutions:
#   Reduce memory load on the system
#   Increase physical memory or swap space
#   Check if swap backing store is full
#   Decrease Java heap size (-Xmx/-Xms)
#   Decrease number of Java threads
#   Decrease Java thread stack sizes (-Xss)
#   Set larger code cache with -XX:ReservedCodeCacheSize=
#   JVM is running with Zero Based Compressed Oops mode in which the Java heap is
#     placed in the first 32GB address space. The Java Heap base address is the
#     maximum limit for the native heap growth. Please use -XX:HeapBaseMinAddress
#     to set the Java Heap base and to place the Java Heap above 32GB virtual address.
# This output file may be truncated or incomplete.
#
#  Out of Memory Error (os_windows.cpp:3600), pid=18596, tid=30896
#
# JRE version:  (21.0.1+12) (build )
# Java VM: Java HotSpot(TM) 64-Bit Server VM (21.0.1+12-LTS-29, mixed mode, sharing, tiered, compressed oops, compressed class ptrs, g1 gc, windows-amd64)
# No core dump will be written. Minidumps are not enabled by default on client versions of Windows
#

---------------  S U M M A R Y ------------

Command Line: -XX:+ShowCodeDetailsInExceptionMessages Main

Host: Intel(R) Core(TM) i7-8665U CPU @ 1.90GHz, 8 cores, 15G,  Windows 11 , 64 bit Build 26100 (10.0.26100.2454)
Time: Sun Nov 24 06:45:43 2024 Bangladesh Standard Time elapsed time: 2.043231 seconds (0d 0h 0m 2s)

---------------  T H R E A D  ---------------

Current thread (0x0000024d54d808e0):  JavaThread "Unknown thread" [_thread_in_vm, id=30896, stack(0x000000f75ad00000,0x000000f75ae00000) (1024K)]

Stack: [0x000000f75ad00000,0x000000f75ae00000]
Native frames: (J=compiled Java code, j=interpreted, Vv=VM code, C=native code)
V  [jvm.dll+0x6c9029]
V  [jvm.dll+0x854b81]
V  [jvm.dll+0x856e5e]
V  [jvm.dll+0x857543]
V  [jvm.dll+0x280c06]
V  [jvm.dll+0x6c5715]
V  [jvm.dll+0x6ba10a]
V  [jvm.dll+0x3557ea]
V  [jvm.dll+0x35d436]
V  [jvm.dll+0x3ae1be]
V  [jvm.dll+0x3ae468]
V  [jvm.dll+0x3291fc]
V  [jvm.dll+0x329d8b]
V  [jvm.dll+0x81d179]
V  [jvm.dll+0x3bb4f1]
V  [jvm.dll+0x805ae8]
V  [jvm.dll+0x44effe]
V  [jvm.dll+0x450901]
C  [jli.dll+0x52a3]
C  [ucrtbase.dll+0x14ea0]
C  [KERNEL32.DLL+0x2e8d7]
C  [ntdll.dll+0xdfbcc]


---------------  P R O C E S S  ---------------

Threads class SMR info:
_java_thread_list=0x00007ffcc8269b88, length=0, elements={
}

Java Threads: ( => current thread )
Total: 0

Other Threads:
  0x0000024d54d608a0 WorkerThread "GC Thread#0"                     [id=11816, stack(0x000000f75ae00000,0x000000f75af00000) (1024K)]
  0x0000024d5679d330 ConcurrentGCThread "G1 Main Marker"            [id=31284, stack(0x000000f75af00000,0x000000f75b000000) (1024K)]
  0x0000024d54d60c40 WorkerThread "G1 Conc#0"                       [id=10460, stack(0x000000f75b000000,0x000000f75b100000) (1024K)]

[error occurred during error reporting (printing all threads), id 0xc0000005, EXCEPTION_ACCESS_VIOLATION (0xc0000005) at pc=0x00007ffcc79dc2c7]
VM state: not at safepoint (not fully initialized)

VM Mutex/Monitor currently owned by a thread:  ([mutex/lock_event])
[0x00007ffcc82da6f8] Heap_lock - owner thread: 0x0000024d54d808e0

Heap address: 0x0000000703000000, size: 4048 MB, Compressed Oops mode: Zero based, Oop shift amount: 3

CDS archive(s) mapped at: [0x0000000000000000-0x0000000000000000-0x0000000000000000), size 0, SharedBaseAddress: 0x0000000800000000, ArchiveRelocationMode: 1.
Narrow klass base: 0x0000000000000000, Narrow klass shift: 0, Narrow klass range: 0x0

GC Precious Log:
 CardTable entry size: 512
 Card Set container configuration: InlinePtr #cards 4 size 8 Array Of Cards #cards 16 size 48 Howl #buckets 8 coarsen threshold 3686 Howl Bitmap #cards 512 size 80 coarsen threshold 460 Card regions per heap region 1 cards per card region 4096

Heap:
 garbage-first heap   total 0K, used 0K [0x0000000703000000, 0x0000000800000000)
  region size 2048K, 0 young (0K), 0 survivors (0K)

[error occurred during error reporting (printing heap information), id 0xc0000005, EXCEPTION_ACCESS_VIOLATION (0xc0000005) at pc=0x00007ffcc7dc1be9]
GC Heap History (0 events):
No events

Dll operation events (1 events):
Event: 0.011 Loaded shared library C:\Program Files\Java\jdk-21\bin\java.dll

Deoptimization events (0 events):
No events

Classes loaded (0 events):
No events

Classes unloaded (0 events):
No events

Classes redefined (0 events):
No events

Internal exceptions (0 events):
No events

ZGC Phase Switch (0 events):
No events

VM Operations (0 events):
No events

Events (0 events):
No events


Dynamic libraries:
0x00007ff7cca70000 - 0x00007ff7cca80000 	C:\Program Files\Java\jdk-21\bin\java.exe
0x00007ffd3cc80000 - 0x00007ffd3cee3000 	C:\WINDOWS\SYSTEM32\ntdll.dll
0x00007ffd3beb0000 - 0x00007ffd3bf78000 	C:\WINDOWS\System32\KERNEL32.DLL
0x00007ffd3a300000 - 0x00007ffd3a6b2000 	C:\WINDOWS\System32\KERNELBASE.dll
0x00007ffd3a1b0000 - 0x00007ffd3a2fb000 	C:\WINDOWS\System32\ucrtbase.dll
0x00007ffd1dbb0000 - 0x00007ffd1dbc9000 	C:\Program Files\Java\jdk-21\bin\jli.dll
0x00007ffd17a10000 - 0x00007ffd17a2b000 	C:\Program Files\Java\jdk-21\bin\VCRUNTIME140.dll
0x00007ffd3acb0000 - 0x00007ffd3ad64000 	C:\WINDOWS\System32\ADVAPI32.dll
0x00007ffd3b080000 - 0x00007ffd3b129000 	C:\WINDOWS\System32\msvcrt.dll
0x00007ffd3b7b0000 - 0x00007ffd3b856000 	C:\WINDOWS\System32\sechost.dll
0x00007ffd3add0000 - 0x00007ffd3aee6000 	C:\WINDOWS\System32\RPCRT4.dll
0x00007ffd3bf90000 - 0x00007ffd3c158000 	C:\WINDOWS\System32\USER32.dll
0x00007ffd3a050000 - 0x00007ffd3a077000 	C:\WINDOWS\System32\win32u.dll
0x00007ffd3baf0000 - 0x00007ffd3bb1a000 	C:\WINDOWS\System32\GDI32.dll
0x00007ffd06bb0000 - 0x00007ffd06e40000 	C:\WINDOWS\WinSxS\amd64_microsoft.windows.common-controls_6595b64144ccf1df_6.0.26100.2454_none_3e0b68a2e331ad60\COMCTL32.dll
0x00007ffd3a8f0000 - 0x00007ffd3aa1b000 	C:\WINDOWS\System32\gdi32full.dll
0x00007ffd3a6c0000 - 0x00007ffd3a763000 	C:\WINDOWS\System32\msvcp_win.dll
0x00007ffd35ba0000 - 0x00007ffd35bab000 	C:\WINDOWS\SYSTEM32\VERSION.dll
0x00007ffd3b720000 - 0x00007ffd3b74f000 	C:\WINDOWS\System32\IMM32.DLL
0x00007ffd1c2b0000 - 0x00007ffd1c2bc000 	C:\Program Files\Java\jdk-21\bin\vcruntime140_1.dll
0x00007ffce5d60000 - 0x00007ffce5dee000 	C:\Program Files\Java\jdk-21\bin\msvcp140.dll
0x00007ffcc76a0000 - 0x00007ffcc83b5000 	C:\Program Files\Java\jdk-21\bin\server\jvm.dll
0x00007ffd3b210000 - 0x00007ffd3b284000 	C:\WINDOWS\System32\WS2_32.dll
0x00007ffd39230000 - 0x00007ffd3927e000 	C:\WINDOWS\SYSTEM32\POWRPROF.dll
0x00007ffd22250000 - 0x00007ffd22286000 	C:\WINDOWS\SYSTEM32\WINMM.dll
0x00007ffd391c0000 - 0x00007ffd391d4000 	C:\WINDOWS\SYSTEM32\UMPDC.dll
0x00007ffd38e90000 - 0x00007ffd38eaa000 	C:\WINDOWS\SYSTEM32\kernel.appcore.dll
0x00007ffd1c220000 - 0x00007ffd1c22a000 	C:\Program Files\Java\jdk-21\bin\jimage.dll
0x00007ffd32000000 - 0x00007ffd32241000 	C:\WINDOWS\SYSTEM32\DBGHELP.DLL
0x00007ffd3bb20000 - 0x00007ffd3be9e000 	C:\WINDOWS\System32\combase.dll
0x00007ffd3af30000 - 0x00007ffd3b006000 	C:\WINDOWS\System32\OLEAUT32.dll
0x00007ffd1cb80000 - 0x00007ffd1cbb9000 	C:\WINDOWS\SYSTEM32\dbgcore.DLL
0x00007ffd3a080000 - 0x00007ffd3a119000 	C:\WINDOWS\System32\bcryptPrimitives.dll
0x00007ffd17980000 - 0x00007ffd1799f000 	C:\Program Files\Java\jdk-21\bin\java.dll

dbghelp: loaded successfully - version: 4.0.5 - missing functions: none
symbol engine: initialized successfully - sym options: 0x614 - pdb path: .;C:\Program Files\Java\jdk-21\bin;C:\WINDOWS\SYSTEM32;C:\WINDOWS\WinSxS\amd64_microsoft.windows.common-controls_6595b64144ccf1df_6.0.26100.2454_none_3e0b68a2e331ad60;C:\Program Files\Java\jdk-21\bin\server

VM Arguments:
jvm_args: -XX:+ShowCodeDetailsInExceptionMessages 
java_command: Main
java_class_path (initial): C:\Users\afrin\AppData\Roaming\Code\User\workspaceStorage\f6891652252b1aae4491e2ebb1095508\redhat.java\jdt_ws\Travelogix_7165d663\bin;c:\Users\afrin\OneDrive\Desktop\Travelogix\lib\junit-jupiter-engine-5.11.3.jar;c:\Users\afrin\OneDrive\Desktop\Travelogix\lib\opentest4j-1.3.0.jar;c:\Users\afrin\OneDrive\Desktop\Travelogix\lib\junit-jupiter-api-5.11.3.jar;c:\Users\afrin\Downloads\json-simple-1.1.1.jar;c:\Users\afrin\OneDrive\Desktop\Travelogix\lib\junit-platform-console-standalone-1.11.3.jar;c:\Users\afrin\.m2\repository\org\apache\maven\shared\maven-shared-utils\3.3.4\maven-shared-utils-3.3.4.jar;c:\Users\afrin\OneDrive\Desktop\Travelogix\lib\json-simple-1.1.1.jar
Launcher Type: SUN_STANDARD

[Global flags]
     intx CICompilerCount                          = 4                                         {product} {ergonomic}
     uint ConcGCThreads                            = 2                                         {product} {ergonomic}
     uint G1ConcRefinementThreads                  = 8                                         {product} {ergonomic}
   size_t G1HeapRegionSize                         = 2097152                                   {product} {ergonomic}
    uintx GCDrainStackTargetSize                   = 64                                        {product} {ergonomic}
   size_t InitialHeapSize                          = 266338304                                 {product} {ergonomic}
   size_t MarkStackSize                            = 4194304                                   {product} {ergonomic}
   size_t MaxHeapSize                              = 4244635648                                {product} {ergonomic}
   size_t MinHeapDeltaBytes                        = 2097152                                   {product} {ergonomic}
   size_t MinHeapSize                              = 8388608                                   {product} {ergonomic}
    uintx NonNMethodCodeHeapSize                   = 5839372                                {pd product} {ergonomic}
    uintx NonProfiledCodeHeapSize                  = 122909434                              {pd product} {ergonomic}
    uintx ProfiledCodeHeapSize                     = 122909434                              {pd product} {ergonomic}
    uintx ReservedCodeCacheSize                    = 251658240                              {pd product} {ergonomic}
     bool SegmentedCodeCache                       = true                                      {product} {ergonomic}
     bool ShowCodeDetailsInExceptionMessages       = true                                   {manageable} {command line}
   size_t SoftMaxHeapSize                          = 4244635648                             {manageable} {ergonomic}
     bool UseCompressedOops                        = true                           {product lp64_product} {ergonomic}
     bool UseG1GC                                  = true                                      {product} {ergonomic}
     bool UseLargePagesIndividualAllocation        = false                                  {pd product} {ergonomic}

Logging:
Log output configuration:
 #0: stdout all=warning uptime,level,tags foldmultilines=false
 #1: stderr all=off uptime,level,tags foldmultilines=false

Environment Variables:
JAVA_HOME="C:\Program Files\Java\jdk-21
PATH=C:\Program Files\Eclipse Adoptium\jdk-21.0.3.9-hotspot\bin;C:\Program Files\Common Files\Oracle\Java\javapath;C:\WINDOWS\system32;C:\WINDOWS;C:\WINDOWS\System32\Wbem;C:\WINDOWS\System32\WindowsPowerShell\v1.0\;C:\WINDOWS\System32\OpenSSH\;C:\Program Files\dotnet\;C:\Program Files\Java\jdk-21\bin;C:\Program Files\Git\cmd;C:\Program Files\nodejs\;C:\Program Files\PowerShell\7\;C:\Program Files\Java\jdk-21\bin;C:\Program Files\MySQL\MySQL Server 8.0\bin;C:\Program Files\MySQL\MySQL Shell 8.0\bin\;C:\Users\afrin\AppData\Local\Microsoft\WindowsApps;C:\Users\afrin\AppData\Local\Programs\Microsoft VS Code\bin;C:\MinGW\bin;C:\Users\afrin\AppData\Local\GitHubDesktop\bin;C:\Program Files\JetBrains\IntelliJ IDEA 2023.3.4\bin;;C:\Program Files\JetBrains\IntelliJ IDEA Community Edition 2023.3.4\bin;;C:\Users\afrin\AppData\Roaming\npm;C:\Program Files\MySQL\MySQL Server 8.0\bin;
USERNAME=afrin
LANG=en_US.UTF-8
OS=Windows_NT
PROCESSOR_IDENTIFIER=Intel64 Family 6 Model 142 Stepping 12, GenuineIntel
TMP=C:\Users\afrin\AppData\Local\Temp
TEMP=C:\Users\afrin\AppData\Local\Temp




Periodic native trim disabled

---------------  S Y S T E M  ---------------

OS:
 Windows 11 , 64 bit Build 26100 (10.0.26100.2454)
OS uptime: 1 days 2:11 hours

CPU: total 8 (initial active 8) (4 cores per cpu, 2 threads per core) family 6 model 142 stepping 12 microcode 0xf8, cx8, cmov, fxsr, ht, mmx, 3dnowpref, sse, sse2, sse3, ssse3, sse4.1, sse4.2, popcnt, lzcnt, tsc, tscinvbit, avx, avx2, aes, erms, clmul, bmi1, bmi2, adx, fma, vzeroupper, clflush, clflushopt, rdtscp, f16c
Processor Information for all 8 processors :
  Max Mhz: 2112, Current Mhz: 1910, Mhz Limit: 1900

Memory: 4k page, system-wide physical 16190M (3362M free)
TotalPageFile size 39490M (AvailPageFile size 70M)
current process WorkingSet (physical memory assigned to process): 12M, peak: 12M
current process commit charge ("private bytes"): 60M, peak: 314M

vm_info: Java HotSpot(TM) 64-Bit Server VM (21.0.1+12-LTS-29) for windows-amd64 JRE (21.0.1+12-LTS-29), built on 2023-10-05T13:27:09Z by "mach5one" with MS VC++ 17.1 (VS2022)

END.
